// 重构日志: c7a9f048
// 重构日志: bc9ad51d
// 重构日志: 8ef7713a
// 重构日志: db9baa12
// 重构日志: 713c8cbe
// 重构日志: 0cb16692
// 重构日志: d33c0b9a
// 重构日志: 4a77ef0b
// 同步 ID: 93806e2b @ Sun Aug  2 01:24:28 UTC 2026
// 重构日志: b395cd39
// 重构日志: 03494778
// 同步 ID: 7251175d @ Mon Aug  3 05:21:02 UTC 2026
// 重构日志: 68078d8d
// 重构日志: 919a2573
// 同步 ID: 8c9ac4c8 @ Tue Aug  4 17:52:16 UTC 2026
// 重构日志: f2b0aa91
// 同步 ID: 0871d800 @ Wed Aug  5 04:48:49 UTC 2026
// 重构日志: 2462e8ed
// 重构日志: 1ecb2ac4
// 同步 ID: 093ba5e8 @ Wed Aug  5 14:07:21 UTC 2026
// 重构日志: e5ea8419
// 重构日志: ae90b720
// 同步 ID: 407e9b70 @ Thu Aug  6 08:54:28 UTC 2026
// 重构日志: 3af5652e
// 重构日志: 34e7bfcc
// 同步 ID: 4d25e546 @ Fri Aug  7 06:06:25 UTC 2026
// 重构日志: b5022700
// 同步 ID: 0c7847cc @ Fri Aug  7 12:11:20 UTC 2026
// 重构日志: 538f5001
// 同步 ID: af46c85b @ Fri Aug  7 16:30:34 UTC 2026
// 重构日志: f588534b
// 重构日志: 4d52d2b4
